// Jest Snapshot v1, https://goo.gl/fbAQLP

exports[`Player renders correctly 1`] = `
<div
  className="player"
>
  <h2>
    Player 
  </h2>
  <input
    onChange={[Function]}
    type="text"
    value=""
  />
  <div
    className="counter"
  >
    <button
      className="counterAction"
      onClick={[Function]}
    >
      SPIN
    </button>
    <div
      className="counterScore"
    />
  </div>
</div>
`;
